[2026-04-05 14:46:40,036]  INFO {server.py:218} Starting Gevent server on [::]:8083
[2026-04-05 15:47:06,245]  INFO {server.py:331} webserver stop (restart=False)
[2026-04-05 15:47:06,246]  INFO {base.py:245} Scheduler has been shut down
[2026-04-05 15:47:06,248]  INFO {server.py:310} Performing shutdown of Calibre-Web
[2026-04-05 15:47:12,019]  WARN {config_sql.py:365} Log path  not valid, falling back to default
[2026-04-05 15:47:12,042]  INFO {__init__.py:184} Starting Calibre Web...
[2026-04-05 15:47:12,605]  WARN {warnings.py:110} /lsiopy/lib/python3.12/site-packages/flask_limiter/extension.py:324: UserWarning: Using the in-memory storage for tracking rate limits as no storage was explicitly specified. This is not recommended for production use. See: https://flask-limiter.readthedocs.io#configuring-a-storage-backend for documentation about configuring the storage backend.
  warnings.warn(

[2026-04-05 15:47:12,780]  INFO {base.py:214} Scheduler started
[2026-04-05 15:47:12,781]  INFO {base.py:1090} Added job "delete temp" to job store "default"
[2026-04-05 15:47:12,781]  INFO {base.py:1090} Added job "end scheduled task" to job store "default"
[2026-04-05 15:47:12,782]  INFO {base.py:1090} Added job "immediately delete temp" to job store "default"
[2026-04-05 15:47:12,784]  INFO {base.py:129} Running job "immediately delete temp (trigger: date[2026-04-05 15:47:12 UTC], next run at: 2026-04-05 15:47:12 UTC)" (scheduled at 2026-04-05 15:47:12.782273+00:00)
[2026-04-05 15:47:12,784]  INFO {base.py:728} Removed job 1f18afe8079b4747afed4eb64c124fcc
[2026-04-05 15:47:12,888]  INFO {base.py:156} Job "immediately delete temp (trigger: date[2026-04-05 15:47:12 UTC], next run at: 2026-04-05 15:47:12 UTC)" executed successfully
[2026-04-05 15:47:14,216]  INFO {server.py:218} Starting Gevent server on [::]:8083
[2026-04-06 04:00:00,009]  INFO {base.py:129} Running job "delete temp (trigger: cron[hour='4'], next run at: 2026-04-07 04:00:00 UTC)" (scheduled at 2026-04-06 04:00:00+00:00)
[2026-04-06 04:00:00,026]  INFO {base.py:156} Job "delete temp (trigger: cron[hour='4'], next run at: 2026-04-07 04:00:00 UTC)" executed successfully
[2026-04-06 04:10:00,002]  INFO {base.py:129} Running job "end scheduled task (trigger: cron[hour='4', minute='10'], next run at: 2026-04-07 04:10:00 UTC)" (scheduled at 2026-04-06 04:10:00+00:00)
[2026-04-06 04:10:00,008]  INFO {base.py:156} Job "end scheduled task (trigger: cron[hour='4', minute='10'], next run at: 2026-04-07 04:10:00 UTC)" executed successfully
