import started Fri Feb 13 05:30:34 2026
import started Fri Feb 13 05:32:48 2026
import started Fri Feb 13 05:33:39 2026
skip /mnt/host/i/music/1962 - Bob Dylan
import started Fri Feb 13 05:38:57 2026
skip /mnt/host/i/music/1964 - Another Side Of Bob Dylan
skip /mnt/host/i/music/1965 - Bringing It All Back Home
skip /mnt/host/i/music/1965 - Highway 61 Revisited
skip /mnt/host/i/music/1966
skip /mnt/host/i/music/1967 - John Wesley Harding
import started Fri Feb 13 05:46:51 2026
skip /mnt/host/i/music/1967 Billboard Top 100 Hits
skip /mnt/host/i/music/1967 Billboard Top 100 Hits/1967
skip /mnt/host/i/music/1967 Billboard Top 100 Hits
skip /mnt/host/i/music/1967 Billboard Top 100 Hits/1967
skip /mnt/host/i/music/1968
skip /mnt/host/i/music/1968
skip /mnt/host/i/music/1969 Billboard top 100 hits
skip /mnt/host/i/music/1969 Billboard top 100 hits
skip /mnt/host/i/music/1970 - New Morning
skip /mnt/host/i/music/1970 Billboard top 100 hits
skip /mnt/host/i/music/1970 Billboard top 100 hits
skip /mnt/host/i/music/1971
skip /mnt/host/i/music/1971 Billboard top 100
skip /mnt/host/i/music/1971
skip /mnt/host/i/music/1971 Billboard top 100
skip /mnt/host/i/music/1972
skip /mnt/host/i/music/1972
skip /mnt/host/i/music/1973
skip /mnt/host/i/music/1973 - Pat Garrett & Billy the Kid
skip /mnt/host/i/music/1974 - Diamond Dogs
skip /mnt/host/i/music/1974 - Planet Waves
skip /mnt/host/i/music/1973
skip /mnt/host/i/music/1973 - Pat Garrett & Billy the Kid
skip /mnt/host/i/music/1974 - Diamond Dogs
skip /mnt/host/i/music/1974 - Planet Waves
skip /mnt/host/i/music/1974 Billboard Top 100 Year 1974
skip /mnt/host/i/music/1974 Billboard Top 100 Year 1974
skip /mnt/host/i/music/1975
skip /mnt/host/i/music/1975 - Blood On The Tracks
skip /mnt/host/i/music/1975 - Young Americans
skip /mnt/host/i/music/1975
skip /mnt/host/i/music/1975 - Blood On The Tracks
skip /mnt/host/i/music/1975 - Young Americans
skip /mnt/host/i/music/1976
skip /mnt/host/i/music/1976-06-14 Grateful Dead
skip /mnt/host/i/music/1977
skip /mnt/host/i/music/1977 - Low
skip /mnt/host/i/music/1978
skip /mnt/host/i/music/1976
skip /mnt/host/i/music/1978 BillBoard Top 100 hits
skip /mnt/host/i/music/1979 - Slow Train Coming
skip /mnt/host/i/music/1976-06-14 Grateful Dead
skip /mnt/host/i/music/1979-02-10 Grateful  Dead
skip /mnt/host/i/music/1977
skip /mnt/host/i/music/1979-02-10 Grateful Dead  Soldiers' and Sailors' Memo
skip /mnt/host/i/music/1977 - Let There Be Rock (2007-2008Jap. Remastered)
skip /mnt/host/i/music/1977 - Low
skip /mnt/host/i/music/1978
skip /mnt/host/i/music/1979-05-04 Grateful Dead  Hampton Coliseum
skip /mnt/host/i/music/1978 - Street Legal
skip /mnt/host/i/music/1978 BillBoard Top 100 hits
skip /mnt/host/i/music/1979 - Slow Train Coming
skip /mnt/host/i/music/1979-02-10 Grateful  Dead
skip /mnt/host/i/music/1979-02-10 Grateful Dead  Soldiers' and Sailors' Memo
skip /mnt/host/i/music/1979-05-04 Grateful Dead  Hampton Coliseum
skip /mnt/host/i/music/1980 - Saved
skip /mnt/host/i/music/1981 - Shot Of Love
skip /mnt/host/i/music/1981-05-08 Grateful Dead  Nassau Coliseum
skip /mnt/host/i/music/1983 - Infidels
skip /mnt/host/i/music/1984-10-12 Grateful Dead
skip /mnt/host/i/music/1985 - Empire Burlesque
skip /mnt/host/i/music/1986 - Knocked Out Loaded
skip /mnt/host/i/music/1987 - Never Let Me Down
skip /mnt/host/i/music/1987-09-18 Grateful Dead
skip /mnt/host/i/music/1988 - Down In The Groove
skip /mnt/host/i/music/1989 - Oh Mercy
skip /mnt/host/i/music/1989-10-09 Grateful Dead
skip /mnt/host/i/music/1990 - Under The Red Sky
skip /mnt/host/i/music/1991-09-14 Grateful Dead
skip /mnt/host/i/music/1992 - Good As I Been To You
skip /mnt/host/i/music/1993 - The Singles Collection/CD1; /mnt/host/i/music/1993 - The Singles Collection/CD2
skip /mnt/host/i/music/1993 - World Gone Wrong
skip /mnt/host/i/music/1996 Dicks Picks Vol 5
skip /mnt/host/i/music/1996 Dicks Picks Vol 6
skip /mnt/host/i/music/2001-04-14 Ratdog   Royal Oak Theatre
skip /mnt/host/i/music/2001-04-14 Ratdog   Royal Oak Theatre/Trojan Presents Rock Steady 2011/Trojan Presents ROCK STEADY Disc 1; /mnt/host/i/music/2001-04-14 Ratdog   Royal Oak Theatre/Trojan Presents Rock Steady 2011/Trojan Presents ROCK STEADY Disc 2
skip /mnt/host/i/music/2001-04-30  Phil Lesh and Friends   Roseland
skip /mnt/host/i/music/2001-08-26 Ratdog   Red Rocks Amphitheatre
skip /mnt/host/i/music/2001-08-26 Ratdog   Red Rocks Amphitheatre/2003-04-19 Ratdog   Pompano Beach Amphitheatre
skip /mnt/host/i/music/2001-09-25 Ratdog   Ziggy's
skip /mnt/host/i/music/2002-07-18 Ratdog  -Burg Herzberg Festival
skip /mnt/host/i/music/2002-08-04 Ratdog   Alpine Valley Music Theatre
skip /mnt/host/i/music/2003 Chrome, Smoke & BBQ/ZZ Top-Chrome,Smoke & BBQ CD1; /mnt/host/i/music/2003 Chrome, Smoke & BBQ/ZZ Top-Chrome,Smoke & BBQ CD2; /mnt/host/i/music/2003 Chrome, Smoke & BBQ/ZZ Top-Chrome,Smoke & BBQ CD3; /mnt/host/i/music/2003 Chrome, Smoke & BBQ/ZZ Top-Chrome,Smoke & BBQ CD4
skip /mnt/host/i/music/2003-03-04 Ratdog   The Fillmore
skip /mnt/host/i/music/2004-08-12 Keller Williams   Aragon Ballroom/1994-10-04 Keller Williams  Fin's/2005-05-28 Keller Williams  Smilefest 11-Deerfields/2005-05-21  Keller Williams Haymaker Music Festival - Oakley Stage
skip /mnt/host/i/music/2005-08-12 Ratdog
skip /mnt/host/i/music/2005-09-01 Ratdog  Rumsey Field - Central Park Summerstage
skip /mnt/host/i/music/2005-11-22 Phil Lesh and Friends
skip /mnt/host/i/music/2005-11-22 Phil Lesh and Friends/phil lesh & friends 2005-11-22
skip /mnt/host/i/music/2005-11-23 - NJPAC
skip /mnt/host/i/music/2005-11-7 Ratdog
skip /mnt/host/i/music/2006 - Modern Times
skip /mnt/host/i/music/2006 -07-07 Phil Lesh and Friends
skip /mnt/host/i/music/2006-02-11  Phil Lesh and Friends   Beacon Theater
skip /mnt/host/i/music/2006-02-14 Phil Lesh and Friends  Beacon Theater
skip /mnt/host/i/music/2006-02-19 Phil Lesh and Friends  Hammerstsin Ballroom
skip /mnt/host/i/music/2006-04-06 Ratdog  Beacon Theatre
skip /mnt/host/i/music/2006-04-07Ratdog  Beacon Theatre
skip /mnt/host/i/music/2006-04-08 Ratdog  Beacon Theatre
skip /mnt/host/i/music/2006-06-03 Govt Mule
skip /mnt/host/i/music/2006-06-03 Keller Williams moutian jam
skip /mnt/host/i/music/2006-06-18 Deep Bananna  Blackout
skip /mnt/host/i/music/2006-06-25   Phil Lesh and Friends  Hifi Buys Ampitheatre
skip /mnt/host/i/music/2006-07-01  Phil Lesh and Friends    PNC Bank Arts Center
skip /mnt/host/i/music/2006-07-15 Ratdog
skip /mnt/host/i/music/2006-08-19 Keller Williams GOTV
skip /mnt/host/i/music/2006-08-19 Ratdog  disc1-256; /mnt/host/i/music/2006-08-19 Ratdog  disc1-256/ratdog2006-08-19-disc1-256
skip /mnt/host/i/music/2006-08-19 Ratdog disc2-256; /mnt/host/i/music/2006-08-19 Ratdog disc2-256/ratdog2006-08-19-disc2-256
skip /mnt/host/i/music/2006-08-19 Ratdog disc3-256; /mnt/host/i/music/2006-08-19 Ratdog disc3-256/ratdog2006-08-19-disc3-256
skip /mnt/host/i/music/2006-10-18 Ryhthm devils  starland ballroom n.j
skip /mnt/host/i/music/2006-10-31 Ratdog
skip /mnt/host/i/music/2006-11-1 Ratdog
skip /mnt/host/i/music/2006-12-31 Govt Mule
skip /mnt/host/i/music/2007-02-23 Keller Williams  the egg brithday show w- nicky lee
skip /mnt/host/i/music/2007-03-08 Ratdog disc1-256; /mnt/host/i/music/2007-03-08 Ratdog disc1-256/ratdog2007-03-08-disc1-256
skip /mnt/host/i/music/2007-03-08 Ratdog disc2-256; /mnt/host/i/music/2007-03-08 Ratdog disc2-256/ratdog2007-03-08-disc2-256
skip /mnt/host/i/music/2007-03-08 Ratdog disc3-256; /mnt/host/i/music/2007-03-08 Ratdog disc3-256/ratdog2007-03-08-disc3-256
skip /mnt/host/i/music/2007-03-10  Ratdog
skip /mnt/host/i/music/2007-03-10 Ratdog   Beacon Theater
skip /mnt/host/i/music/2007-06-01 Govt Mule  Mountain Jam Hunter Mtn NY
skip /mnt/host/i/music/2007-06-03  Phil Lesh and Friends Hunter Mountain - Mountain Jam
skip /mnt/host/i/music/2007-06-14 Ratdog
skip /mnt/host/i/music/2007-07-09 Ratdog NYC Central Park
skip /mnt/host/i/music/2007-07-10 Ratdog
skip /mnt/host/i/music/2007-07-19 Ratdog
skip /mnt/host/i/music/2007-07-28 Ratdog
skip /mnt/host/i/music/2007-08-10 Deep Bananna Blackout
skip /mnt/host/i/music/2007-08-11 Ratdog  vibes
skip /mnt/host/i/music/2007-08-12 Ratdog  Boston
skip /mnt/host/i/music/2007-08-12 Ratdog  Boston/Ratdog 2007-08-12 stories
skip /mnt/host/i/music/2007-08-21  Ratdog Nikon Theater at Jones Beach
skip /mnt/host/i/music/2007-10-26 Ratdog
skip /mnt/host/i/music/2007-10-27 Ratdog
skip /mnt/host/i/music/2007-10-31 Phil Lesh and Friends/2007-10-30 Ratdog   North Fork Theatre
skip /mnt/host/i/music/2007-10-31 Ratdog   North Fork Theatre
skip /mnt/host/i/music/2007-11-01 Phil Lesh and Friends  Nokia Theatre Times Square
skip /mnt/host/i/music/2007-11-03 Phil Lesh and Friends  Nokia Theatre Times Square
skip /mnt/host/i/music/2007-11-03 Ratdog
skip /mnt/host/i/music/2007-11-06 Phil Lesh and Friends -Nokia Theatre Times Square
skip /mnt/host/i/music/2007-11-08 Phil Lesh and Friends  Nokia Theatre Times Square
skip /mnt/host/i/music/2007-11-09 Phil Lesh and Friends  Nokia Theatre Times Square
skip /mnt/host/i/music/2007-11-11 Phil Lesh and Friends   The Nokia Theater Times Square
skip /mnt/host/i/music/2007-12-31 Govt Mule  New York/2007-12-31 New York
duplicate-skip /mnt/host/i/music/2008 - Black Ice (2008 Jap. Remaster)
skip /mnt/host/i/music/2008-04-03  Ratdog
skip /mnt/host/i/music/2008-04-04  Ratdog
skip /mnt/host/i/music/2008-04-05  Ratdog
skip /mnt/host/i/music/2008-05-17  Phil Lesh and Friends
skip /mnt/host/i/music/2008-05-17  Phil Lesh and Friends/2007-11-10 Phil Lesh and Friends  Nokia Theater
skip /mnt/host/i/music/2008-06-01  Ratdog
skip /mnt/host/i/music/2008-07-13-Jones Beach
skip /mnt/host/i/music/2008-08-02 Phil Lesh and Friends
skip /mnt/host/i/music/2008-08-12 Ratdog Bethel NY/Bethel ny  08-12-08
skip /mnt/host/i/music/2008-08-13 Ratdog  Ratdog  disc 2
skip /mnt/host/i/music/2008-08-13 Ratdog Live at Ratdog
skip /mnt/host/i/music/2008-08-15 Ratdog P N C Bank Center Holmdel nj
skip /mnt/host/i/music/2008-08-15 Ratdog P N C Bank Center Holmdel nj  Disc Two
skip /mnt/host/i/music/2008-08-16  Ratdog Great Woods
skip /mnt/host/i/music/2008-08-16 Ratdog Comcast Center Mansfeild ma
skip /mnt/host/i/music/2008-08-16 Ratdog Comcast Center Mansfeild ma  disc two
skip /mnt/host/i/music/2008-08-19  Ratdog S P A C Saratoga Springs ny Disc Two
skip /mnt/host/i/music/2008-08-19 Ratdog S P A C Saratoga Springs ny
skip /mnt/host/i/music/2008-08-20  Ratdog  Dodge Music Center Hartford Ct 08-20-08
skip /mnt/host/i/music/2008-08-23  Ratdog
skip /mnt/host/i/music/2008-09-26 Keller willams
skip /mnt/host/i/music/2008-10-30 ratdog
skip /mnt/host/i/music/2008-10-31    Ratdog
skip /mnt/host/i/music/2008-10-31 Phil Lesh and Friends
skip /mnt/host/i/music/2008-12-26 Keller Williams
skip /mnt/host/i/music/2008-12-31 Govt Mule
skip /mnt/host/i/music/2008-5-13 Phil Lesh and Friends
skip /mnt/host/i/music/2008-5-16 Phil lesh and Friends
skip /mnt/host/i/music/2009 - Together Through Life
import started Fri Feb 13 19:25:33 2026
import started Fri Feb 13 19:48:39 2026
import started Fri Feb 13 19:49:58 2026
import started Sat Feb 14 20:58:12 2026
import started Sat Feb 14 21:01:30 2026
asis /mnt/host/i/music/2009-03-30 the Dead
asis /mnt/host/i/music/2009-04-12 the Dead
asis /mnt/host/i/music/2009-04-14 the Dead
asis /mnt/host/i/music/2009-04-17 - Bossa
asis /mnt/host/i/music/2009-04-18 the Dead
asis /mnt/host/i/music/2009-04-21 the Dead
asis /mnt/host/i/music/2009-04-21 the Dead/2008-07-03 Phil Lesh and Friends
asis /mnt/host/i/music/2009-04-25 the Dead
asis /mnt/host/i/music/2009-04-26 the Dead
asis /mnt/host/i/music/2009-04-26 the Dead/2008-05-14 Phil Lesh and Friends
asis /mnt/host/i/music/2009-04-28 the Dead
asis /mnt/host/i/music/2009-04-29 the Dead
asis /mnt/host/i/music/2009-07-04 the Dead ROXBURY
asis /mnt/host/i/music/2009-07-05  Govt Mule Rothbury Festival Rothbury MI
asis /mnt/host/i/music/2009-07-18  Ratdog
asis /mnt/host/i/music/2009-07-25  Ratdog
asis /mnt/host/i/music/2009-07-25 Levon Helm Band
asis /mnt/host/i/music/2009-09-02  Ratdog
asis /mnt/host/i/music/2009-10-16  Ratdog
asis /mnt/host/i/music/2009-10-19 Ratdog Grand Ballroom
asis /mnt/host/i/music/2009-10-20  Ratdog Grand Ballroom
asis /mnt/host/i/music/2009-10-23 Ratdog Beacon Theatre
asis /mnt/host/i/music/2009-10-24 Ratdog Beacon Theatre
asis /mnt/host/i/music/2009-12-08 Furthur
asis /mnt/host/i/music/2009-12-09 Furthur
asis /mnt/host/i/music/2009-12-11 Furthur
asis /mnt/host/i/music/2009-12-13 Furthur
asis /mnt/host/i/music/2009-12-31 Furthur
asis /mnt/host/i/music/2009-12-31Govt Mule
asis /mnt/host/i/music/2010-02-09 Furthur
asis /mnt/host/i/music/2010-02-10 Furthur
asis /mnt/host/i/music/2010-02-11 Furthur
asis /mnt/host/i/music/2010-02-12 Futhur
asis /mnt/host/i/music/2010-02-13 Furthur
asis /mnt/host/i/music/2010-02-14 Furthur
asis /mnt/host/i/music/2010-02-15  Furthur
asis /mnt/host/i/music/2010-02-17 Furthur
asis /mnt/host/i/music/2010-02-18 Furthur
asis /mnt/host/i/music/2010-02-19 Furthur
asis /mnt/host/i/music/2010-02-22 Furthur
asis /mnt/host/i/music/2010-02-23  Furthur
import started Sat Feb 14 21:14:10 2026
asis /mnt/host/i/music/2010-02-24 Furthur
asis /mnt/host/i/music/2010-02-26 Furthur 6MOHGAN SUN
asis /mnt/host/i/music/2009-04-18 the Dead
asis /mnt/host/i/music/2009-04-21 the Dead
asis /mnt/host/i/music/2010-03-06 Furthur
asis /mnt/host/i/music/2009-04-21 the Dead/2008-07-03 Phil Lesh and Friends
asis /mnt/host/i/music/2010-03-12 Furthur
asis /mnt/host/i/music/2009-04-25 the Dead
asis /mnt/host/i/music/2010-03-12 Furthur/furthur 2010-12-31
asis /mnt/host/i/music/2009-04-26 the Dead
asis /mnt/host/i/music/2010-06-05Govt Mule  Mountain Jam Hunter NY
asis /mnt/host/i/music/2009-04-26 the Dead/2008-05-14 Phil Lesh and Friends
asis /mnt/host/i/music/2010-06-26 Furthur
asis /mnt/host/i/music/2009-04-28 the Dead
asis /mnt/host/i/music/2009-04-29 the Dead
asis /mnt/host/i/music/2010-06-27 Furthur (pattys brithday)
asis /mnt/host/i/music/2010-07-03 Furthur  BEST LOTOF SUMMER
asis /mnt/host/i/music/2009-07-04 the Dead ROXBURY
asis /mnt/host/i/music/2009-07-05  Govt Mule Rothbury Festival Rothbury MI
asis /mnt/host/i/music/2009-07-18  Ratdog
asis /mnt/host/i/music/2009-07-25  Ratdog
asis /mnt/host/i/music/2009-07-25 Levon Helm Band
asis /mnt/host/i/music/2009-09-02  Ratdog
asis /mnt/host/i/music/2009-10-16  Ratdog
asis /mnt/host/i/music/2009-10-19 Ratdog Grand Ballroom
asis /mnt/host/i/music/2009-10-20  Ratdog Grand Ballroom
asis /mnt/host/i/music/2009-10-23 Ratdog Beacon Theatre
asis /mnt/host/i/music/2009-10-24 Ratdog Beacon Theatre
asis /mnt/host/i/music/2009-12-08 Furthur
duplicate-skip /mnt/host/i/music/2009-12-08 Furthur
asis /mnt/host/i/music/2009-12-09 Furthur
asis /mnt/host/i/music/2009-12-11 Furthur
asis /mnt/host/i/music/2009-12-13 Furthur
asis /mnt/host/i/music/2009-12-31 Furthur
asis /mnt/host/i/music/2009-12-31Govt Mule
asis /mnt/host/i/music/2010-02-09 Furthur
asis /mnt/host/i/music/2010-02-10 Furthur
asis /mnt/host/i/music/2010-02-11 Furthur
asis /mnt/host/i/music/2010-02-12 Futhur
asis /mnt/host/i/music/2010-02-13 Furthur
duplicate-skip /mnt/host/i/music/2010-02-13 Furthur
asis /mnt/host/i/music/2010-02-14 Furthur
asis /mnt/host/i/music/2010-02-15  Furthur
asis /mnt/host/i/music/2010-02-17 Furthur
asis /mnt/host/i/music/2010-02-18 Furthur
asis /mnt/host/i/music/2010-02-19 Furthur
asis /mnt/host/i/music/2010-02-22 Furthur
asis /mnt/host/i/music/2010-02-23  Furthur
asis /mnt/host/i/music/2010-02-24 Furthur
asis /mnt/host/i/music/2010-02-26 Furthur 6MOHGAN SUN
asis /mnt/host/i/music/2010-03-06 Furthur
asis /mnt/host/i/music/2010-03-12 Furthur
asis /mnt/host/i/music/2010-03-12 Furthur/furthur 2010-12-31
asis /mnt/host/i/music/2010-06-05Govt Mule  Mountain Jam Hunter NY
asis /mnt/host/i/music/2010-06-26 Furthur
asis /mnt/host/i/music/2010-06-27 Furthur (pattys brithday)
asis /mnt/host/i/music/2010-07-03 Furthur  BEST LOTOF SUMMER
asis /mnt/host/i/music/2010-07-04  Furthur NATIVA
asis /mnt/host/i/music/2010-07-28 Furthur
asis /mnt/host/i/music/2010-07-30 Furthur
asis /mnt/host/i/music/2010-07-31 DEEP BANNANA BLACKOUT
asis /mnt/host/i/music/2010-07-31 Rhythmn Devils
asis /mnt/host/i/music/2010-07-31 Rhythmn Devils/2010-02-27 Furthur
asis /mnt/host/i/music/2010-09-24  Furthur RED ROCKS
asis /mnt/host/i/music/2010-09-25 Furthur  RED ROCKS
asis /mnt/host/i/music/2010-11-12 Furthur
asis /mnt/host/i/music/2010-11-20 Furthur
asis /mnt/host/i/music/2010-11-21 Furthur M S G
asis /mnt/host/i/music/2010-12-31 Furthur
duplicate-skip /mnt/host/i/music/2010-12-31 Furthur
asis /mnt/host/i/music/2010-12-31Govt Mule The Beacon Theatre New York NY
asis /mnt/host/i/music/2011-02-11 Furthur
asis /mnt/host/i/music/2011-02-13 Furthur
asis /mnt/host/i/music/2011-03-04 Furthur
asis /mnt/host/i/music/2011-03-05 Furthur
asis /mnt/host/i/music/2011-03-06 Furthur
asis /mnt/host/i/music/2011-03-08 & 11 Furthur/furthur 2011-03-08 pigs show
asis /mnt/host/i/music/2011-03-08 & 11 Furthur/furthur 2011-03-11 brithday show
asis /mnt/host/i/music/2011-03-08 Furthur Walingford Ct/furthur 2011-03-08/2011-03-08
asis /mnt/host/i/music/2011-03-08 Furthur Walingford Ct/furthur 2011-03-08/Unknown Album (3-9-2011 4-30-48 PM)
duplicate-skip /mnt/host/i/music/2011-03-08 Furthur Walingford Ct/furthur 2011-03-08/Unknown Album (3-9-2011 4-30-48 PM)
asis /mnt/host/i/music/2011-03-13 Furthur  phils b-day
asis /mnt/host/i/music/2011-03-18 Furthur
asis /mnt/host/i/music/2011-03-22 Furthur
asis /mnt/host/i/music/2011-03-22 Furthur/2011-03-23 Furthur
asis /mnt/host/i/music/2011-03-24 7 walkers
asis /mnt/host/i/music/2011-03-26 Furthur
asis /mnt/host/i/music/2011-04-09 keller williams bass
asis /mnt/host/i/music/2011-07-17 further Jones Beach
asis /mnt/host/i/music/2011-07-22 Furthur
asis /mnt/host/i/music/2011-08-11 7 Walkers
asis /mnt/host/i/music/2011-09-30 Furthur RED ROCKS
asis /mnt/host/i/music/2011-10-01 Furthur RED ROCKS
asis /mnt/host/i/music/2011-10-02 Furthur RED ROCKS
asis /mnt/host/i/music/2011-11-04  Furthur  The Joint LAS Vagas
asis /mnt/host/i/music/2011-11-08 furthur/2011-11-08 furthur
asis /mnt/host/i/music/2011-11-08 furthur/2011-11-11 furthur
asis /mnt/host/i/music/2011-11-13 Furthur
asis /mnt/host/i/music/2011-11-13 Furthur/2011-12-30 7 Walkers
asis /mnt/host/i/music/2011-11-15 Furthur
asis /mnt/host/i/music/2011-11-16 Furthur
asis /mnt/host/i/music/2011-11-19 Furthur
asis /mnt/host/i/music/2011-11-20 Furthur
asis /mnt/host/i/music/2011-12-12 Phil Lesh & Friends christmas show
asis /mnt/host/i/music/2011-12-31 7 Walkers
asis /mnt/host/i/music/2011-12-31 Furthur NYE San Fransisco ca
asis /mnt/host/i/music/2011-6-18 7 Walkers
asis /mnt/host/i/music/2012-01-27 Benavento
asis /mnt/host/i/music/2012-04-10
asis /mnt/host/i/music/2012-05-31 Karl Denson
asis /mnt/host/i/music/2012-07-13 Furthur
asis /mnt/host/i/music/2012-07-14 Furthur
asis /mnt/host/i/music/2012-07-15 Furthur
asis /mnt/host/i/music/2012-07-20 Furthur
asis /mnt/host/i/music/2012-12-28 Keller Williams
asis /mnt/host/i/music/2013--07-26 Phil Lesh and Friends
asis /mnt/host/i/music/2013-03-16 Soulive
asis /mnt/host/i/music/2013-03-16 Soulive/2011-12-30 Early 7 Walkers
asis /mnt/host/i/music/2013-03-17 Phil Lesh and Friends
asis /mnt/host/i/music/2013-03-17 Phil Lesh and Friends/2012-04-05 Furthur
asis /mnt/host/i/music/2013-03-17 Phil Lesh and Friends/2012-04-07 Furthur
asis /mnt/host/i/music/2013-03-17 Phil Lesh and Friends/2012-04-17 Furthur
asis /mnt/host/i/music/2013-03-17 Phil Lesh and Friends/2012-04-18 Furthur
asis /mnt/host/i/music/2013-04-16 Furthur
asis /mnt/host/i/music/2013-04-21 Furthur
asis /mnt/host/i/music/2013-06-09 Phil lesh and Friends Mountian Jam Hunter MT
asis /mnt/host/i/music/2013-06-09 Phil lesh and Friends Mountian Jam Hunter MT/2012-04-09 Furthur
asis /mnt/host/i/music/2013-06-09 Phil lesh and Friends Mountian Jam Hunter MT/2012-05 -18 George Porter Jr
asis /mnt/host/i/music/2013-06-09 Phil lesh and Friends Mountian Jam Hunter MT/2012-06-01 Keller Williams
asis /mnt/host/i/music/2013-07-14 Furthur
asis /mnt/host/i/music/2013-07-22 Phil Lesh and Friends
asis /mnt/host/i/music/2013-07-23 Phil Lesh and Friends
asis /mnt/host/i/music/2013-07-27 Phil Lesh and friends
asis /mnt/host/i/music/2013-08-16 Ratdog
asis /mnt/host/i/music/2013-08-17 Ratdog
asis /mnt/host/i/music/2013-08-18 Bobby Weir Peach
asis /mnt/host/i/music/2013-09-07 Furthur Lickin
asis /mnt/host/i/music/2013-09-08 Furthur
asis /mnt/host/i/music/2013-10-31 Phil Lesh and friends
asis /mnt/host/i/music/2013-11-01 Phil Lesh and Friends/The Allman Brothers Eat a Peach Deluxe; /mnt/host/i/music/2013-11-01 Phil Lesh and Friends/The Allman Brothers Eat a Peach Deluxe/Disc 1 - Eat a Peach; /mnt/host/i/music/2013-11-01 Phil Lesh and Friends/The Allman Brothers Eat a Peach Deluxe/Disc 2 - The Final Fillmore East Concert
asis /mnt/host/i/music/2013-11-02 Phil Lesh and Friends
asis /mnt/host/i/music/2013-11-02 Phil Lesh and Friends/Brian Setzer Dig That Crazy  Christmas
asis /mnt/host/i/music/2013-11-02 Phil Lesh and Friends/Lynard Skynard The Essentail Collection
asis /mnt/host/i/music/2013-11-02 Phil Lesh and Friends/Rolling Stones Some Grils
asis /mnt/host/i/music/2013-11-02 Phil Lesh and Friends/The Brian Setzer Orchestra - Wolfgang's Big Night Out
asis /mnt/host/i/music/2013-11-03 Phil Lesh & Friends
asis /mnt/host/i/music/2013-11-05 Phil Lesh & Friends
asis /mnt/host/i/music/2013-11-06 Phil Lesh and Friends
asis /mnt/host/i/music/2013-11-07 Phil Lesh and Friends
asis /mnt/host/i/music/2013-11-08 Phil Lesh & Frisnds Best Buy
asis /mnt/host/i/music/2013-11-09 Phil Lesh & Friends
asis /mnt/host/i/music/2013-11-09 Phil Lesh & Friends Captiol Theater
duplicate-skip /mnt/host/i/music/2013-11-09 Phil Lesh & Friends Captiol Theater
asis /mnt/host/i/music/2013-11-13 Phil leash and Friends
asis /mnt/host/i/music/2013-11-13 Phil Lesh & Friends
duplicate-skip /mnt/host/i/music/2013-11-13 Phil Lesh & Friends
asis /mnt/host/i/music/2013-12-13 Pnil Lesh and Friends
asis /mnt/host/i/music/2014-02-15 Ratdog Tower Theather
asis /mnt/host/i/music/2014-02-20 Ratdog
asis /mnt/host/i/music/2014-02-22 Ratdog Westbury
asis /mnt/host/i/music/2014-02-24 Ratdog
asis /mnt/host/i/music/2014-03-01 Ratdog @  The Capital
asis /mnt/host/i/music/2014-03-10 Ratdog
asis /mnt/host/i/music/2014-06-08 Allman Brothers
asis /mnt/host/i/music/2014-08-01 Keller Williams GOVT
asis /mnt/host/i/music/2014-08-01 Lotus Gotv
asis /mnt/host/i/music/2014-09-21 phil lesh & friends Forest Hills NY Last summer day
asis /mnt/host/i/music/2014-10-31 phil lesh & friends Holloween Port Chester NY
asis /mnt/host/i/music/2014-10-31 Phil Lesh and Friends
duplicate-skip /mnt/host/i/music/2014-10-31 Phil Lesh and Friends
asis /mnt/host/i/music/2014-11-07 Phil Lesh and Friends with Chris Robinson
asis /mnt/host/i/music/2014-11-15 chris Robinson
asis /mnt/host/i/music/2016-10-31 Phil Lesh And Friends
asis /mnt/host/i/music/21st century breakdown
asis /mnt/host/i/music/311
asis /mnt/host/i/music/311/Transistor
asis /mnt/host/i/music/45 Or 46 Songs That Weren't Go
asis /mnt/host/i/music/7 Walkers - 7 Walkers(2010)Psychedelic Blues-Rock-Folk @320 geo
asis /mnt/host/i/music/[1969] Everybody Knows This Is Nowhere
asis /mnt/host/i/music/[1977] Simple Dreams
asis /mnt/host/i/music/[1978] Living In The USA
asis /mnt/host/i/music/A Rock And Roll Alternative
asis /mnt/host/i/music/A Tribe Called Quest/Anthology
asis /mnt/host/i/music/A Very Speacil Christmass
asis /mnt/host/i/music/A Very Special Christmas 2
asis /mnt/host/i/music/A Very Special Christmas Vol. 2 [iSpeedz]
duplicate-skip /mnt/host/i/music/A Very Special Christmas Vol. 2 [iSpeedz]
asis /mnt/host/i/music/AC DC  Iron Man 2 (Deluxe Edition 2010)
asis /mnt/host/i/music/ACDC  74 Jailbreak (2007-2008 Jap. Remaster)
asis /mnt/host/i/music/ACDC  74 Jailbreak EP 1984
duplicate-skip /mnt/host/i/music/ACDC  74 Jailbreak EP 1984
asis /mnt/host/i/music/ACDC  Back in Black (2007-2008 Jap. Remaster)
asis /mnt/host/i/music/ACDC  Back in Black 1980
duplicate-skip /mnt/host/i/music/ACDC  Back in Black 1980
asis /mnt/host/i/music/ACDC  Ballbreaker  (Remastered 2005) 1995
asis /mnt/host/i/music/ACDC  Blow Up Your Video  (Remastered 2003) 1988
asis /mnt/host/i/music/ACDC  Blow Up Your Video (2007-2008 Jap. Remaster)
duplicate-skip /mnt/host/i/music/ACDC  Blow Up Your Video (2007-2008 Jap. Remaster)
asis /mnt/host/i/music/ACDC  Dirty Deeds Done Dirt Cheap (2007-2008 Jap. Remaster)
asis /mnt/host/i/music/ACDC  Flick Of The Switch  (2008 Jap.Remaster)
asis /mnt/host/i/music/ACDC  Fly On The Wall 1985 (2008  Remaster)
asis /mnt/host/i/music/ACDC  For Those About To Rock (2007-2008 Jap. Remaster)
asis /mnt/host/i/music/ACDC  For Those About To Rock 1981
asis /mnt/host/i/music/ACDC  Highway to Hell (2007-2008 Jap. Remaster)
asis /mnt/host/i/music/ACDC  Highway to Hell 1979
duplicate-skip /mnt/host/i/music/ACDC  Highway to Hell 1979
asis /mnt/host/i/music/ACDC  If You Want Bad Blood  (2008 Jap.Remaster)
asis /mnt/host/i/music/ACDC  Let There Be Rock (2003 Remastered)
duplicate-skip /mnt/host/i/music/ACDC  Let There Be Rock (2003 Remastered)
asis /mnt/host/i/music/ACDC  Live (2007-2008 Jap. Remaster)1992
asis /mnt/host/i/music/ACDC  Live (2CD Collectors Edition 2008 Jap.Remaster) 1998; /mnt/host/i/music/ACDC  Live (2CD Collectors Edition 2008 Jap.Remaster) 1998/CD 1; /mnt/host/i/music/ACDC  Live (2CD Collectors Edition 2008 Jap.Remaster) 1998/CD 2
duplicate-skip /mnt/host/i/music/ACDC  Live (2CD Collectors Edition 2008 Jap.Remaster) 1998; /mnt/host/i/music/ACDC  Live (2CD Collectors Edition 2008 Jap.Remaster) 1998/CD 1; /mnt/host/i/music/ACDC  Live (2CD Collectors Edition 2008 Jap.Remaster) 1998/CD 2
asis /mnt/host/i/music/ACDC  Live from Atlantic Studios 1997
asis /mnt/host/i/music/ACDC  Live from Atlantic Studios 1997/The Pretenders - Greatest Hits (2000) vtwin88cube
asis /mnt/host/i/music/ACDC  Powerage (2007-2008 Jap. Remaster)
asis /mnt/host/i/music/ACDC  Powerage 1978
duplicate-skip /mnt/host/i/music/ACDC  Powerage 1978
asis /mnt/host/i/music/ACDC  Stiff Upper Lip 2000 (2008 Jap.Remaster)
asis /mnt/host/i/music/ACDC  T.N.T.  ( Vinyl Remaster)
asis /mnt/host/i/music/ACDC  The Razor's Edge  (2007-2008 Jap. Remaster)
asis /mnt/host/i/music/ACDC  Who Made Who (2007-2008 Jap. Remaster)
asis /mnt/host/i/music/ACDC - Dirty Deeds Done Dirt Cheap (1976) WMA320
duplicate-skip /mnt/host/i/music/ACDC - Dirty Deeds Done Dirt Cheap (1976) WMA320
asis /mnt/host/i/music/ACDC - Highway to Hell [smb]
duplicate-skip /mnt/host/i/music/ACDC - Highway to Hell [smb]
asis /mnt/host/i/music/ACDC - The Very Best of ACDC [2013]-V3nom
asis /mnt/host/i/music/ACDC Back In Black 2011 REMASTERED EDITION & Arts 320 Kbps
duplicate-skip /mnt/host/i/music/ACDC Back In Black 2011 REMASTERED EDITION & Arts 320 Kbps
asis /mnt/host/i/music/ACDC Ballbreaker (2007-2008 Jap. Remaster)
duplicate-skip /mnt/host/i/music/ACDC Ballbreaker (2007-2008 Jap. Remaster)
asis /mnt/host/i/music/ACDC Dirty Deeds Done Dirt Cheap 1976
duplicate-skip /mnt/host/i/music/ACDC Dirty Deeds Done Dirt Cheap 1976
asis /mnt/host/i/music/ACDC High Voltage (2007-2008 Jap. Remaster)
asis /mnt/host/i/music/ACDC High Voltage 1976
duplicate-skip /mnt/host/i/music/ACDC High Voltage 1976
asis /mnt/host/i/music/ACDC Who Made Who 1986
duplicate-skip /mnt/host/i/music/ACDC Who Made Who 1986
asis /mnt/host/i/music/Ace of Base/Happy Nation (U.S. Version) [Remastered]
asis /mnt/host/i/music/acoustic hits
asis /mnt/host/i/music/Aerosmith/Get Your Wings
asis /mnt/host/i/music/Aerosmith/Toys in the Attic
asis /mnt/host/i/music/Aerosmith/Young Lust- The Aerosmith Anthology Disc 1; /mnt/host/i/music/Aerosmith/Young Lust- The Aerosmith Anthology Disc 2
asis /mnt/host/i/music/Aerosmith/Young Lust_ The Aerosmith Anthology Disc
duplicate-skip /mnt/host/i/music/Aerosmith/Young Lust_ The Aerosmith Anthology Disc
asis /mnt/host/i/music/Aerosmith - Aerosmith (1973)
asis /mnt/host/i/music/Afro Blue Impressions
asis /mnt/host/i/music/al green
asis /mnt/host/i/music/al green/Sounds of the Seventies_ Super 70's
asis /mnt/host/i/music/Aladdin Sane
asis /mnt/host/i/music/Alice Cooper - Alice Coopers Greatest Hits - 1974
asis /mnt/host/i/music/Alice Cooper - Billion Dollar Babies (1973)
asis /mnt/host/i/music/Alice Cooper Schools Out
asis /mnt/host/i/music/Alice in Chains/Alice in Chains
asis /mnt/host/i/music/Alice in Chains/Facelift
asis /mnt/host/i/music/Alice in Chains/Grind
asis /mnt/host/i/music/Alice in Chains/Jar of Flies
asis /mnt/host/i/music/Alice in Chains/MTV Unplugged
duplicate-skip /mnt/host/i/music/Alice in Chains/MTV Unplugged [Live]
asis /mnt/host/i/music/Alice in Chains/Unplugged
asis /mnt/host/i/music/Allman Brothers - One Way Out (Live @Beacon Theater) @320/Disc 1; /mnt/host/i/music/Allman Brothers - One Way Out (Live @Beacon Theater) @320/Disc 2
asis /mnt/host/i/music/Allman Brothers Band/At Fillmore East
asis /mnt/host/i/music/Allman Brothers Band/Beginnings
asis /mnt/host/i/music/Alvin Lee - Gold
asis /mnt/host/i/music/Amazon Music/Lettuce/Live in Tokyo
asis /mnt/host/i/music/Amazon-Music-Download_2017-02-03_15-54/George Porter Jr. and Runnin' Pardners/Can't Beat the Funk!
asis /mnt/host/i/music/Amazon-Music-Download_2017-04-22_12-32 (1)/Lesley Gore/20th Century Masters- The Millennium Collection- B
asis /mnt/host/i/music/Amazon-Music-Download_2017-04-22_12-32 (2)/Lesley Gore/20th Century Masters- The Millennium Collection- B
duplicate-skip /mnt/host/i/music/Amazon-Music-Download_2017-04-22_12-32 (2)/Lesley Gore/20th Century Masters- The Millennium Collection- B
asis /mnt/host/i/music/America/History- America's Greatest Hits
asis /mnt/host/i/music/American Idiot
asis /mnt/host/i/music/Amy Winehouse/Back To Black
asis /mnt/host/i/music/Amy Winehouse/Back To Black (Deluxe Edition Bonus Disc)
asis /mnt/host/i/music/Amy Winehouse/Back To Black (German Special Edition)
duplicate-skip /mnt/host/i/music/Amy Winehouse/Back To Black (German Special Edition)
asis /mnt/host/i/music/Amy Winehouse/Bridget Jones_ The Edge Of Reason
asis /mnt/host/i/music/Amy Winehouse/Frank
asis /mnt/host/i/music/Amy Winehouse/Frank (Bonus)
duplicate-skip /mnt/host/i/music/Amy Winehouse/Frank (Bonus)
asis /mnt/host/i/music/Amy Winehouse Featuring Zalon & Ade/Back To Black (Deluxe Edition Bonus Disc)
duplicate-skip /mnt/host/i/music/Amy Winehouse Featuring Zalon & Ade/Back To Black (Deluxe Edition Bonus Disc)
asis /mnt/host/i/music/Anamanaguchi/Airbrushed (Remix)
asis /mnt/host/i/music/Anamanaguchi/Airbrushed (Single)
duplicate-skip /mnt/host/i/music/Anamanaguchi/Airbrushed (Single)
asis /mnt/host/i/music/Anamanaguchi/Aurora (Single)
asis /mnt/host/i/music/Anamanaguchi/Dawn Metropolis
asis /mnt/host/i/music/Anamanaguchi/Endless Fantasy
asis /mnt/host/i/music/Anamanaguchi/My Skateboard Will Go On (Single)
asis /mnt/host/i/music/Anamanaguchi/Scott Pilgrim vs. the World_ The Game - Original Videogame Soundtrack
asis /mnt/host/i/music/Anchorman/Anchorman
asis /mnt/host/i/music/Andy Williams/The Best Christmas Album In The World Ever
asis /mnt/host/i/music/Animals
asis /mnt/host/i/music/Anti-Flag/New Kind Of Army
asis /mnt/host/i/music/Architecture in Helsinki/Fingers Crossed
asis /mnt/host/i/music/Architecture in Helsinki/In Case We Die
asis /mnt/host/i/music/Architecture in Helsinki/Moment Bends
asis /mnt/host/i/music/Architecture in Helsinki/Now + 4EVA
asis /mnt/host/i/music/Architecture in Helsinki/Places Like This
asis /mnt/host/i/music/Arctic Monkeys/Favourite Worst Nightmare
asis /mnt/host/i/music/Areosmith Live Bootleg
asis /mnt/host/i/music/arlo guthrie/The Summer of Peace, Love and Music, Vol
asis /mnt/host/i/music/arlo guthrie/Unknown Album
asis /mnt/host/i/music/At the Drive-In/Relationship of Command
asis /mnt/host/i/music/Axis  Bold As Love
asis /mnt/host/i/music/Bach/The Very Best Of Bach
asis /mnt/host/i/music/Bachman-Turner Overdrive/Greatest Hits
duplicate-skip /mnt/host/i/music/Bachman-Turner Overdrive/Greatest Hits
asis /mnt/host/i/music/Bachman-Turner Overdrive/Sounds of the Seventies_ '70s Gold
asis /mnt/host/i/music/Bad Company - Bad Company - 1974 [MP3 @ 320] (oan)
asis /mnt/host/i/music/Bad Company - Straight Shooter
asis /mnt/host/i/music/Bad Company Silver Blue and Gold
import started Sat Feb 14 23:21:04 2026
asis /mnt/host/i/music/Bad Company Silver Blue and Gold
asis /mnt/host/i/music/bad religion/Against The Grain
asis /mnt/host/i/music/bad religion/Age of Unreason
asis /mnt/host/i/music/bad religion/Bad Religion
asis /mnt/host/i/music/bad religion/generator
asis /mnt/host/i/music/bad religion/Generator [Bonus Tracks]
duplicate-skip /mnt/host/i/music/bad religion/Generator [Bonus Tracks]
asis /mnt/host/i/music/bad religion/How Could Hell Be Any Worse_ [Bonus Tracks]
asis /mnt/host/i/music/bad religion/New America [Germany Bonus Tracks]
asis /mnt/host/i/music/bad religion/No Control
asis /mnt/host/i/music/bad religion/No Substance
asis /mnt/host/i/music/bad religion/Recipe For Hate
asis /mnt/host/i/music/bad religion/Stranger Than Fiction
asis /mnt/host/i/music/bad religion/Suffer
asis /mnt/host/i/music/bad religion/Tested
asis /mnt/host/i/music/bad religion/The Empire Strikes First
asis /mnt/host/i/music/bad religion/The Gray Race
asis /mnt/host/i/music/bad religion/The Process of Belief
asis /mnt/host/i/music/bad religion/True North
asis /mnt/host/i/music/Ban Folds/Whatever & Ever Amen
asis /mnt/host/i/music/BarryWhite Disc 1
asis /mnt/host/i/music/Beastie Boys/Beastie Boys Anthology- The Sounds of Science Disc 1; /mnt/host/i/music/Beastie Boys/Beastie Boys Anthology- The Sounds of Science Disc 2
asis /mnt/host/i/music/Beastie Boys/Check Your Head
asis /mnt/host/i/music/Beastie Boys/Hot Sauce Committee Part Two
asis /mnt/host/i/music/Beastie Boys/Ill Communication
asis /mnt/host/i/music/Beastie Boys/Licensed to Ill
asis /mnt/host/i/music/Beastie Boys/Paul's Boutique
asis /mnt/host/i/music/Beastie Boys/Root Down
asis /mnt/host/i/music/Beastie Boys/To the 5 Boroughs
asis /mnt/host/i/music/Beastie Boys - (1998) Hello Nasty {iMog}
asis /mnt/host/i/music/Beatles Christmas
asis /mnt/host/i/music/Beck Odelay
asis /mnt/host/i/music/BEE GEES
asis /mnt/host/i/music/Ben Folds/Ben Folds Five
asis /mnt/host/i/music/Ben Folds/Rockin The Suburbs
asis /mnt/host/i/music/Ben Folds/Songs For Silverman Leak
asis /mnt/host/i/music/Ben Folds Five
duplicate-skip /mnt/host/i/music/Ben Folds Five
asis /mnt/host/i/music/Ben Folds Five/Ben Folds Five [Bonus Track]
duplicate-skip /mnt/host/i/music/Ben Folds Five/Ben Folds Five [Bonus Track]
asis /mnt/host/i/music/Ben Folds Five/Whatever & Ever Amen
duplicate-skip /mnt/host/i/music/Ben Folds Five/Whatever & Ever Amen
asis /mnt/host/i/music/Benny Goodman/The Very Best of Benny Goodman
asis /mnt/host/i/music/Big Audio Dynamite/Megatop Phoenix
asis /mnt/host/i/music/Big Audio Dynamite/Planet BAD (Greatest Hits)
asis /mnt/host/i/music/Big Audio Dynamite/This Is Big Audio Dynamite
asis /mnt/host/i/music/Big Audio Dynamite II/The Globe
asis /mnt/host/i/music/Big D & The Kids Table/Strictly Rude
asis /mnt/host/i/music/Bill Withers/Sounds of the Seventies_ Classic 70's
asis /mnt/host/i/music/Billy Joel/[1973] Piano Man
asis /mnt/host/i/music/Billy Joel/[1974] Streetlife Serenade
asis /mnt/host/i/music/Billy Joel/[1976] Turnstiles
asis /mnt/host/i/music/Billy Joel/[1977] The Stranger
asis /mnt/host/i/music/Billy Joel/[1978] 52nd Street
asis /mnt/host/i/music/Billy Joel/[1981] Songs In The Attic
asis /mnt/host/i/music/Billy Joel/[1982] The Nylon Curtain
asis /mnt/host/i/music/Billy Joel/[1983] An Innocent Man
asis /mnt/host/i/music/Bing Crosby/White Christmas [MCA]
asis /mnt/host/i/music/Black Sabbath/We Sold Our Soul for Rock 'n' Roll
asis /mnt/host/i/music/Black Sabbath - Master of Reality [1971]
asis /mnt/host/i/music/Black Sabbath, by Black Sabbath 1970 MP3 VBR VL2
asis /mnt/host/i/music/blink-182/blink 182
asis /mnt/host/i/music/blink-182/Take off Your Pants and Jacket
duplicate-skip /mnt/host/i/music/blink-182/Take off Your Pants and Jacket
asis /mnt/host/i/music/Bloc Party/Tulips [Single]
asis /mnt/host/i/music/Blondie • Blondie 4(0)Ever Greatest Hits Deluxe Redux • Ghosts Of Download [2014] VØ/BLONDIE [2014] VØ/CD • I •
asis /mnt/host/i/music/Blood Sweat & Tears - Greatest Hits
asis /mnt/host/i/music/Blood, Sweat & Tears/Greatest Hits
duplicate-skip /mnt/host/i/music/Blood, Sweat & Tears/Greatest Hits
asis /mnt/host/i/music/Blue Grass
asis /mnt/host/i/music/Blue Wild Angel- Live At The Isle Of Wight (Cd1); /mnt/host/i/music/Blue Wild Angel- Live At The Isle Of Wight (Cd2)
asis /mnt/host/i/music/Bob Dylan/Bob Dylan - MTV Unplugged (1995)
duplicate-skip /mnt/host/i/music/Bob Dylan/Bob Dylan - MTV Unplugged (1995)
asis /mnt/host/i/music/Bob Dylan/Bob Dylan-Tempest-(Retail)-2012-HHI
asis /mnt/host/i/music/Bob Dylan/The Bootleg Series, Vol. 5- Bob Dylan Live 1975 - The Rolling Thunder Revue Disc 1; /mnt/host/i/music/Bob Dylan/The Bootleg Series, Vol. 5- Bob Dylan Live 1975 - The Rolling Thunder Revue Disc 2
asis /mnt/host/i/music/Bob Dylan - The Band/The Bootleg Series, Vol. 11- The Basement Tapes - Complete Disc 1; /mnt/host/i/music/Bob Dylan - The Band/The Bootleg Series, Vol. 11- The Basement Tapes - Complete Disc 2; /mnt/host/i/music/Bob Dylan - The Band/The Bootleg Series, Vol. 11- The Basement Tapes - Complete Disc 3; /mnt/host/i/music/Bob Dylan - The Band/The Bootleg Series, Vol. 11- The Basement Tapes - Complete Disc 4; /mnt/host/i/music/Bob Dylan - The Band/The Bootleg Series, Vol. 11- The Basement Tapes - Complete Disc 5; /mnt/host/i/music/Bob Dylan - The Band/The Bootleg Series, Vol. 11- The Basement Tapes - Complete Disc 6
asis /mnt/host/i/music/Bob Dylan and The Band Before the Flood 1975
asis /mnt/host/i/music/Bob Dylan-Grateful Dead/Dylan & the Dead
asis /mnt/host/i/music/Bob Marley - The Very Best Of legend
asis /mnt/host/i/music/Bob Seger & the Silver Bullet Band/Greatest Hits
duplicate-skip /mnt/host/i/music/Bob Seger & the Silver Bullet Band/Greatest Hits
asis /mnt/host/i/music/Bob Weir/Blue Mountain
asis /mnt/host/i/music/Bob Weir/Heaven Help the Fool
